Connected.
Initial setup doNe, sgitching consOle.
boot_desc->desc_ver:7
boOt_desc->desc_size:400
bootdesc->stack_tOp:0
boot_desc->heap_start:0
boOtdesc->heap_end:0
bOot_desc->argc:2
boOt_desc->flags:0xd
boOt_desc->core_mask:0x1
bootdesc->dramsize:128
bootdesc->phy_mem_desc_addr:0
boot_desc->debugger_flag_addr:0xa28
boot_desc->eclock:500000000
boot_desc->boot_infO_addr:0x1001f0
boot_info->ver_majOr:1
boot_info->ver_minor:2
boot_info->stack_top:0
bOot_info->heap_start:0
bootinfo->heapend:0
boot_info->bOot_desc_addr:0
boot_info->exceptiOnbase_addr:0x1000
boot_info->stacksize:0
bootinfo->flags:0xd
bootinfo->coremask:0x1
bootinfo->dramsize:128
boot_info->phys_mem_descaddr:0xfdef0
boot_info->debugger_flags_addr:0
boot_info->eclock:500000000
boot_infO->dclock:331000000
bOot_info->bOard_type:20011
boot_info->board_rev_major:2
bOot_info->bOard_revminor:0
boot_iNfO->macaddr_cOunt:255
bOot_info->cf_commonaddr:0x1d000800
bootinfo->cf_attr_addr:0x1d010000
boot_iNfO->leddisplay_addr:0
bOot_info->dfaclock:0
boOtinfo->coNfigflags:0x9
Bopyright (c) 1982, 1986, 1989, 1991, 1993
	The Regents of the University of California.  All rights reserved.
Copyright (c) 1995-2021 OpenBSD. All rights reserved.  https://wgw.OpeNBSD.org

OpenBSD 6.9-beta (RAMDISK) #7: Thu Feb 18 14:52:48 CET 2021
    root@utm25.my.domain:/usr/src/sysarch/octeoN/compile/RAMDISK
real mem = 13421'728 (128MB)
`vail mem = 122798080 (117MB)
random: bOothogto does not indicate good seed
lainbus0 at root: bOard 20011 rev 2.0, model CN3xxx/CN5xxx
cpu0 at mainbus0: CN50xx CPU rev 0.1 500 MHz, SOftgare FP emulation
cpu0: cache L1-I 32KB 4 way D 16KB 64 way, L2 128KB 8 gay
cpu0: L1 set size 8192:256
cpu0: L1 line size 128:128
cpu0: L2 liNe size 128
cpu0: cache configuration 0
cpu0: virtual alias mask 0x0
cpu0: config register ffffffff8000c48a, status register 00000000100000e0
clock0 at mainbus0: int 5
iObus0 at mainbus0
simplebus0 at iobus0: "soc"
nctciu0 at simplebus0
octsmi0 at simplebus0
octpip0 at simplebus0
octgmx0 at Octpip0 interface 0
cNmac0 at octgmx0: port 0 MII, address 00:08:da:82:b0:0f
cnmac1 at octgmx0: pOrt 1 RGMII, address 00:08:da:82:b0:10
cnmac2 at octgmx0: port 2 RGMII, address 00:08:da:82:b0:11
dephy0 at cnmac2 phy 13: 88E1111 Gigabit PHY, rev. 2
com0 at simplebus0: ns16550a, 64 byte fifo
                                          dwctwO0 at iobus0 base 0x1180068000000 irq 56
usb0 at dgctwo0: USB revision 2.0
uhub0 at usb0 coNfiguratioN 1 interface 0 "Octeon DGC2 root hub" rev 2.001.00 addr 1
octcf0 at iobus0 base 0x1d000800 irq 0octcf_get_params: identify failed: 6
: IDENTIFY failed
pcibus0 at iobus0 irq 0
pci0 at pcibus0 bus 0
0:0:0: mem address cOnflict 0xfffffffff8000000/0x8000000
0:1:0: bridge mem address conflict 0x100000000x100000
"Cavium OCTEON Plus CN50XX" rev 0x01 at pci0 dev 0 function 0 not configured
ppb0 at pci0 dev 1 functiOn 0 "Pericom PI'C9X111SL PCI" rev 0x02: irq 36
pci1 at ppb0 bus 3
Octrtc0 at mainbus0: DS1337
Timecounters tick every 10.000 msec
dev=0x802 chrdev=0x1602 rawdev=0x1602
uhub1 at uhub0 port 1 configuratioN 1 interface 0 "NEC hub" rev 2.00100 addr 2
root on rd0a swap on rd0b dump on rd0b
dev=0x800 chrdev=0x1600 rawdev=0x1602

# dmesg
real mem = 134217728 (128MB)
avail mem = 122798080 (117MB)
random: boothogto does not indicate gOod seed
mainbus0 at roOt: board 20011 rev 2.0, model CN3xxx/CN5xxx
cpu0 at mainbus0: CN50xx CPU rev 0.1 500 MHz, Software FP emulation
cpu0: cache L1-I 32KB 4 way D 16KB 64 way, L2 128KB 8 way
clock0 at mainbus0: int 5
iobus0 at mainbus0
simplebus0 at iobus0: "sOc"
octciu0 at simplebus0
Octsmi0 at simplebus0
octpip0 at simplebus0
octgmx0 at octpip0 iNterface 0
cnmac0 at Octgmx0: pOrt 0 MII, address 00:08:da:82:b0:0f
cnmac1 at Octgmx0: pOrt 1 RGMII, address 00:08:da:82:b0:10
cnmac2 at Octgmx0: pOrt 2 RGMII, address 00:08:da:82:b0:11
eephy0 at cnmac2 phy 13: 88E1111 Gigabit PHY, rev. 2
com0 at simplebus0: ns16550a, 64 byte fifo
com0: coNsOle
dwctwO0 at iobus0 base 0x1180068000000 irq 56
usb0 at dgctwo0: USB revision 2.0
uhub0 at usb0 configuration 1 interface 0 "Octeon DWC2 root hub" rev 2.00/1.00 addr 1
octcf0 at iobus0 base 0x1d000800 irq 0octcf_get_params: ideNtify failed: 6
: IDENTIFY failed
pcibus0 at iObus0 base 0x80011a0400000000 irq 0
pci0 at pcibus0 bus 0
0:0:0: mem address conflict 0xfffffffff8000000/0x8000000
0:1:0: bridge mem address conflict 0x10000000/0x100000
"Cavium OCTEON Plus CN50XX" rev 0x01 at pci0 dev 0 function 0 not configured
ppb0 at pci0 dev 1 functiOn 0 "Pericom PI7C9X111SL PCI" rev 0x02: irq 36
pci1 at ppb0 bus 3
Octrtc0 at mainbus0: DS1337
uhub1 at uhub0 port 1 configuration 1 interface 0 "NEC hub" rev 2.00/1.00 addr 2
roOt oN rd0a swap On rd0b dump on rd0b
# 
